name	genres	price
fake game 3	RPG	0.00
fake game 3	RPG	0.00
